// Jest Snapshot v1, https://goo.gl/fbAQLP

exports[`Matchs snapshot 1`] = `
<div>
  <div>
    <h1>
      이것은 제목입니다.
    </h1>
    <p>
      이것은 설명입니다! 가나다라마바사  아자차카 타 파  하
    </p>
  </div>
</div>
`;
